103.211.49.130 - - [06/Feb/2020:03:49:34 +0000] "GET /login.php HTTP/1.1" 200 8567 "http://sampai.id/" "Mozilla/5.0 (Windows NT 10.0; Win64; x64) AppleWebKit/537.36 (KHTML, like Gecko) Chrome/79.0.3945.130 Safari/537.36"
103.211.49.130 - - [06/Feb/2020:03:49:42 +0000] "POST /assets/include/loginprocess.php HTTP/1.1" 302 5 "http://sampai.id/login.php" "Mozilla/5.0 (Windows NT 10.0; Win64; x64) AppleWebKit/537.36 (KHTML, like Gecko) Chrome/79.0.3945.130 Safari/537.36"
103.211.49.130 - - [06/Feb/2020:03:49:42 +0000] "GET /Admin-Sub-Bidang.php HTTP/1.1" 200 28069 "http://sampai.id/login.php" "Mozilla/5.0 (Windows NT 10.0; Win64; x64) AppleWebKit/537.36 (KHTML, like Gecko) Chrome/79.0.3945.130 Safari/537.36"
103.211.49.130 - - [06/Feb/2020:03:49:45 +0000] "GET /Data-SPK.php HTTP/1.1" 200 29461 "http://sampai.id/Admin-Sub-Bidang.php" "Mozilla/5.0 (Windows NT 10.0; Win64; x64) AppleWebKit/537.36 (KHTML, like Gecko) Chrome/79.0.3945.130 Safari/537.36"
103.211.49.130 - - [06/Feb/2020:03:49:49 +0000] "GET /Input-SPK-Step-Three.php?KODE=1 HTTP/1.1" 200 45233 "http://sampai.id/Data-SPK.php" "Mozilla/5.0 (Windows NT 10.0; Win64; x64) AppleWebKit/537.36 (KHTML, like Gecko) Chrome/79.0.3945.130 Safari/537.36"
103.211.49.130 - - [06/Feb/2020:03:49:51 +0000] "GET /Assets/Include/Hapus-Belanja.php?id=18 HTTP/1.1" 404 580 "http://sampai.id/Input-SPK-Step-Three.php?KODE=1" "Mozilla/5.0 (Windows NT 10.0; Win64; x64) AppleWebKit/537.36 (KHTML, like Gecko) Chrome/79.0.3945.130 Safari/537.36"
103.211.49.130 - - [06/Feb/2020:03:49:51 +0000] "GET /favicon.ico HTTP/1.1" 200 21558 "http://sampai.id/Assets/Include/Hapus-Belanja.php?id=18" "Mozilla/5.0 (Windows NT 10.0; Win64; x64) AppleWebKit/537.36 (KHTML, like Gecko) Chrome/79.0.3945.130 Safari/537.36"
103.211.49.130 - - [06/Feb/2020:03:50:20 +0000] "GET /Input-SPK-Step-Three.php?KODE=1 HTTP/1.1" 200 45239 "http://sampai.id/Data-SPK.php" "Mozilla/5.0 (Windows NT 10.0; Win64; x64) AppleWebKit/537.36 (KHTML, like Gecko) Chrome/79.0.3945.130 Safari/537.36"
103.211.49.130 - - [06/Feb/2020:03:51:18 +0000] "GET /Input-SPK-Step-Three.php?KODE=1 HTTP/1.1" 200 44811 "-" "Mozilla/5.0 (Windows NT 10.0; Win64; x64) AppleWebKit/537.36 (KHTML, like Gecko) Chrome/79.0.3945.130 Safari/537.36"
103.211.49.130 - - [06/Feb/2020:03:51:21 +0000] "GET /assets/include/hapus-belanja.php?id=18 HTTP/1.1" 302 5 "http://sampai.id/Input-SPK-Step-Three.php?KODE=1" "Mozilla/5.0 (Windows NT 10.0; Win64; x64) AppleWebKit/537.36 (KHTML, like Gecko) Chrome/79.0.3945.130 Safari/537.36"
103.211.49.130 - - [06/Feb/2020:03:51:21 +0000] "GET /Input-SPK-Step-Three.php?KODE= HTTP/1.1" 200 37545 "http://sampai.id/Input-SPK-Step-Three.php?KODE=1" "Mozilla/5.0 (Windows NT 10.0; Win64; x64) AppleWebKit/537.36 (KHTML, like Gecko) Chrome/79.0.3945.130 Safari/537.36"
103.211.49.130 - - [06/Feb/2020:03:51:25 +0000] "GET /Input-SPK-Step-Three.php?KODE=1 HTTP/1.1" 200 44811 "-" "Mozilla/5.0 (Windows NT 10.0; Win64; x64) AppleWebKit/537.36 (KHTML, like Gecko) Chrome/79.0.3945.130 Safari/537.36"
103.211.49.130 - - [06/Feb/2020:03:51:49 +0000] "GET /Input-SPK-Step-Three.php?KODE=1 HTTP/1.1" 200 44811 "-" "Mozilla/5.0 (Windows NT 10.0; Win64; x64) AppleWebKit/537.36 (KHTML, like Gecko) Chrome/79.0.3945.130 Safari/537.36"
103.211.49.130 - - [06/Feb/2020:03:51:54 +0000] "GET /assets/include/hapus-belanja.php?id=25 HTTP/1.1" 302 5 "http://sampai.id/Input-SPK-Step-Three.php?KODE=1" "Mozilla/5.0 (Windows NT 10.0; Win64; x64) AppleWebKit/537.36 (KHTML, like Gecko) Chrome/79.0.3945.130 Safari/537.36"
103.211.49.130 - - [06/Feb/2020:03:51:54 +0000] "GET /Input-SPK-Step-Three.php?KODE= HTTP/1.1" 200 37545 "http://sampai.id/Input-SPK-Step-Three.php?KODE=1" "Mozilla/5.0 (Windows NT 10.0; Win64; x64) AppleWebKit/537.36 (KHTML, like Gecko) Chrome/79.0.3945.130 Safari/537.36"
103.211.49.130 - - [06/Feb/2020:03:51:58 +0000] "GET /Input-SPK-Step-Three.php?KODE=1 HTTP/1.1" 200 44811 "-" "Mozilla/5.0 (Windows NT 10.0; Win64; x64) AppleWebKit/537.36 (KHTML, like Gecko) Chrome/79.0.3945.130 Safari/537.36"
103.211.49.130 - - [06/Feb/2020:03:52:20 +0000] "GET /Input-SPK-Step-Three.php?KODE=1 HTTP/1.1" 200 44811 "-" "Mozilla/5.0 (Windows NT 10.0; Win64; x64) AppleWebKit/537.36 (KHTML, like Gecko) Chrome/79.0.3945.130 Safari/537.36"
103.211.49.130 - - [06/Feb/2020:03:52:23 +0000] "GET /assets/include/hapus-belanja.php?id=25 HTTP/1.1" 302 5 "http://sampai.id/Input-SPK-Step-Three.php?KODE=1" "Mozilla/5.0 (Windows NT 10.0; Win64; x64) AppleWebKit/537.36 (KHTML, like Gecko) Chrome/79.0.3945.130 Safari/537.36"
103.211.49.130 - - [06/Feb/2020:03:52:24 +0000] "GET /Input-SPK-Step-Three.php?KODE=1 HTTP/1.1" 200 44338 "http://sampai.id/Input-SPK-Step-Three.php?KODE=1" "Mozilla/5.0 (Windows NT 10.0; Win64; x64) AppleWebKit/537.36 (KHTML, like Gecko) Chrome/79.0.3945.130 Safari/537.36"
103.211.49.130 - - [06/Feb/2020:03:52:25 +0000] "GET /assets/include/hapus-belanja.php?id=21 HTTP/1.1" 302 5 "http://sampai.id/Input-SPK-Step-Three.php?KODE=1" "Mozilla/5.0 (Windows NT 10.0; Win64; x64) AppleWebKit/537.36 (KHTML, like Gecko) Chrome/79.0.3945.130 Safari/537.36"
103.211.49.130 - - [06/Feb/2020:03:52:25 +0000] "GET /Input-SPK-Step-Three.php?KODE=1 HTTP/1.1" 200 43860 "http://sampai.id/Input-SPK-Step-Three.php?KODE=1" "Mozilla/5.0 (Windows NT 10.0; Win64; x64) AppleWebKit/537.36 (KHTML, like Gecko) Chrome/79.0.3945.130 Safari/537.36"
103.211.49.130 - - [06/Feb/2020:03:52:26 +0000] "GET /assets/include/hapus-belanja.php?id=22 HTTP/1.1" 302 5 "http://sampai.id/Input-SPK-Step-Three.php?KODE=1" "Mozilla/5.0 (Windows NT 10.0; Win64; x64) AppleWebKit/537.36 (KHTML, like Gecko) Chrome/79.0.3945.130 Safari/537.36"
103.211.49.130 - - [06/Feb/2020:03:52:26 +0000] "GET /Input-SPK-Step-Three.php?KODE=1 HTTP/1.1" 200 43385 "http://sampai.id/Input-SPK-Step-Three.php?KODE=1" "Mozilla/5.0 (Windows NT 10.0; Win64; x64) AppleWebKit/537.36 (KHTML, like Gecko) Chrome/79.0.3945.130 Safari/537.36"
103.211.49.130 - - [06/Feb/2020:03:52:27 +0000] "GET /assets/include/hapus-belanja.php?id=26 HTTP/1.1" 302 5 "http://sampai.id/Input-SPK-Step-Three.php?KODE=1" "Mozilla/5.0 (Windows NT 10.0; Win64; x64) AppleWebKit/537.36 (KHTML, like Gecko) Chrome/79.0.3945.130 Safari/537.36"
103.211.49.130 - - [06/Feb/2020:03:52:27 +0000] "GET /Input-SPK-Step-Three.php?KODE=1 HTTP/1.1" 200 42898 "http://sampai.id/Input-SPK-Step-Three.php?KODE=1" "Mozilla/5.0 (Windows NT 10.0; Win64; x64) AppleWebKit/537.36 (KHTML, like Gecko) Chrome/79.0.3945.130 Safari/537.36"
180.248.215.148 - - [06/Feb/2020:03:52:38 +0000] "GET /Input-SPK-Step-Three.php?KODE=3 HTTP/1.1" 200 8397 "http://sampai.id/Data-SPK.php" "Mozilla/5.0 (Windows NT 10.0; Win64; x64; rv:72.0) Gecko/20100101 Firefox/72.0"
180.248.215.148 - - [06/Feb/2020:03:52:39 +0000] "GET /assets/libs/flot/css/float-chart.css HTTP/1.1" 304 0 "http://sampai.id/Input-SPK-Step-Three.php?KODE=3" "Mozilla/5.0 (Windows NT 10.0; Win64; x64; rv:72.0) Gecko/20100101 Firefox/72.0"
180.248.215.148 - - [06/Feb/2020:03:52:39 +0000] "GET /assets/libs/bootstrap-datepicker/dist/css/bootstrap-datepicker.min.css HTTP/1.1" 304 0 "http://sampai.id/Input-SPK-Step-Three.php?KODE=3" "Mozilla/5.0 (Windows NT 10.0; Win64; x64; rv:72.0) Gecko/20100101 Firefox/72.0"
180.248.215.148 - - [06/Feb/2020:03:52:39 +0000] "GET /assets/libs/select2/dist/css/select2.min.css HTTP/1.1" 304 0 "http://sampai.id/Input-SPK-Step-Three.php?KODE=3" "Mozilla/5.0 (Windows NT 10.0; Win64; x64; rv:72.0) Gecko/20100101 Firefox/72.0"
180.248.215.148 - - [06/Feb/2020:03:52:39 +0000] "GET /assets/libs/jquery-minicolors/jquery.minicolors.css HTTP/1.1" 304 0 "http://sampai.id/Input-SPK-Step-Three.php?KODE=3" "Mozilla/5.0 (Windows NT 10.0; Win64; x64; rv:72.0) Gecko/20100101 Firefox/72.0"
180.248.215.148 - - [06/Feb/2020:03:52:39 +0000] "GET /assets/libs/quill/dist/quill.snow.css HTTP/1.1" 304 0 "http://sampai.id/Input-SPK-Step-Three.php?KODE=3" "Mozilla/5.0 (Windows NT 10.0; Win64; x64; rv:72.0) Gecko/20100101 Firefox/72.0"
180.248.215.148 - - [06/Feb/2020:03:52:39 +0000] "GET /assets/libs/popper.js/dist/umd/popper.min.js HTTP/1.1" 304 0 "http://sampai.id/Input-SPK-Step-Three.php?KODE=3" "Mozilla/5.0 (Windows NT 10.0; Win64; x64; rv:72.0) Gecko/20100101 Firefox/72.0"
180.248.215.148 - - [06/Feb/2020:03:52:39 +0000] "GET /dist/css/style.min.css HTTP/1.1" 304 0 "http://sampai.id/Input-SPK-Step-Three.php?KODE=3" "Mozilla/5.0 (Windows NT 10.0; Win64; x64; rv:72.0) Gecko/20100101 Firefox/72.0"
180.248.215.148 - - [06/Feb/2020:03:52:39 +0000] "GET /assets/extra-libs/sparkline/sparkline.js HTTP/1.1" 304 0 "http://sampai.id/Input-SPK-Step-Three.php?KODE=3" "Mozilla/5.0 (Windows NT 10.0; Win64; x64; rv:72.0) Gecko/20100101 Firefox/72.0"
180.248.215.148 - - [06/Feb/2020:03:52:39 +0000] "GET /assets/libs/jquery/dist/jquery.min.js HTTP/1.1" 304 0 "http://sampai.id/Input-SPK-Step-Three.php?KODE=3" "Mozilla/5.0 (Windows NT 10.0; Win64; x64; rv:72.0) Gecko/20100101 Firefox/72.0"
180.248.215.148 - - [06/Feb/2020:03:52:39 +0000] "GET /assets/libs/bootstrap/dist/js/bootstrap.min.js HTTP/1.1" 304 0 "http://sampai.id/Input-SPK-Step-Three.php?KODE=3" "Mozilla/5.0 (Windows NT 10.0; Win64; x64; rv:72.0) Gecko/20100101 Firefox/72.0"
180.248.215.148 - - [06/Feb/2020:03:52:39 +0000] "GET /dist/js/waves.js HTTP/1.1" 304 0 "http://sampai.id/Input-SPK-Step-Three.php?KODE=3" "Mozilla/5.0 (Windows NT 10.0; Win64; x64; rv:72.0) Gecko/20100101 Firefox/72.0"
180.248.215.148 - - [06/Feb/2020:03:52:39 +0000] "GET /dist/js/sidebarmenu.js HTTP/1.1" 304 0 "http://sampai.id/Input-SPK-Step-Three.php?KODE=3" "Mozilla/5.0 (Windows NT 10.0; Win64; x64; rv:72.0) Gecko/20100101 Firefox/72.0"
180.248.215.148 - - [06/Feb/2020:03:52:39 +0000] "GET /assets/libs/perfect-scrollbar/dist/perfect-scrollbar.jquery.min.js HTTP/1.1" 304 0 "http://sampai.id/Input-SPK-Step-Three.php?KODE=3" "Mozilla/5.0 (Windows NT 10.0; Win64; x64; rv:72.0) Gecko/20100101 Firefox/72.0"
180.248.215.148 - - [06/Feb/2020:03:52:39 +0000] "GET /assets/libs/select2/dist/js/select2.full.min.js HTTP/1.1" 304 0 "http://sampai.id/Input-SPK-Step-Three.php?KODE=3" "Mozilla/5.0 (Windows NT 10.0; Win64; x64; rv:72.0) Gecko/20100101 Firefox/72.0"
180.248.215.148 - - [06/Feb/2020:03:52:39 +0000] "GET /assets/libs/select2/dist/js/select2.min.js HTTP/1.1" 304 0 "http://sampai.id/Input-SPK-Step-Three.php?KODE=3" "Mozilla/5.0 (Windows NT 10.0; Win64; x64; rv:72.0) Gecko/20100101 Firefox/72.0"
180.248.215.148 - - [06/Feb/2020:03:52:39 +0000] "GET /dist/js/custom.min.js HTTP/1.1" 304 0 "http://sampai.id/Input-SPK-Step-Three.php?KODE=3" "Mozilla/5.0 (Windows NT 10.0; Win64; x64; rv:72.0) Gecko/20100101 Firefox/72.0"
180.248.215.148 - - [06/Feb/2020:03:52:39 +0000] "GET /assets/libs/jquery-asColorPicker/dist/jquery-asColorPicker.min.js HTTP/1.1" 304 0 "http://sampai.id/Input-SPK-Step-Three.php?KODE=3" "Mozilla/5.0 (Windows NT 10.0; Win64; x64; rv:72.0) Gecko/20100101 Firefox/72.0"
180.248.215.148 - - [06/Feb/2020:03:52:39 +0000] "GET /assets/libs/inputmask/dist/min/jquery.inputmask.bundle.min.js HTTP/1.1" 304 0 "http://sampai.id/Input-SPK-Step-Three.php?KODE=3" "Mozilla/5.0 (Windows NT 10.0; Win64; x64; rv:72.0) Gecko/20100101 Firefox/72.0"
180.248.215.148 - - [06/Feb/2020:03:52:39 +0000] "GET /dist/js/pages/mask/mask.init.js HTTP/1.1" 304 0 "http://sampai.id/Input-SPK-Step-Three.php?KODE=3" "Mozilla/5.0 (Windows NT 10.0; Win64; x64; rv:72.0) Gecko/20100101 Firefox/72.0"
180.248.215.148 - - [06/Feb/2020:03:52:39 +0000] "GET /assets/libs/jquery-minicolors/jquery.minicolors.min.js HTTP/1.1" 304 0 "http://sampai.id/Input-SPK-Step-Three.php?KODE=3" "Mozilla/5.0 (Windows NT 10.0; Win64; x64; rv:72.0) Gecko/20100101 Firefox/72.0"
180.248.215.148 - - [06/Feb/2020:03:52:39 +0000] "GET /assets/libs/jquery-asColor/dist/jquery-asColor.min.js HTTP/1.1" 304 0 "http://sampai.id/Input-SPK-Step-Three.php?KODE=3" "Mozilla/5.0 (Windows NT 10.0; Win64; x64; rv:72.0) Gecko/20100101 Firefox/72.0"
180.248.215.148 - - [06/Feb/2020:03:52:39 +0000] "GET /assets/libs/quill/dist/quill.min.js HTTP/1.1" 304 0 "http://sampai.id/Input-SPK-Step-Three.php?KODE=3" "Mozilla/5.0 (Windows NT 10.0; Win64; x64; rv:72.0) Gecko/20100101 Firefox/72.0"
180.248.215.148 - - [06/Feb/2020:03:52:39 +0000] "GET /assets/libs/jquery-asGradient/dist/jquery-asGradient.js HTTP/1.1" 304 0 "http://sampai.id/Input-SPK-Step-Three.php?KODE=3" "Mozilla/5.0 (Windows NT 10.0; Win64; x64; rv:72.0) Gecko/20100101 Firefox/72.0"
180.248.215.148 - - [06/Feb/2020:03:52:39 +0000] "GET /dist/css/icons/font-awesome/css/fontawesome-all.css HTTP/1.1" 304 0 "http://sampai.id/dist/css/style.min.css" "Mozilla/5.0 (Windows NT 10.0; Win64; x64; rv:72.0) Gecko/20100101 Firefox/72.0"
180.248.215.148 - - [06/Feb/2020:03:52:39 +0000] "GET /assets/libs/bootstrap-datepicker/dist/js/bootstrap-datepicker.min.js HTTP/1.1" 304 0 "http://sampai.id/Input-SPK-Step-Three.php?KODE=3" "Mozilla/5.0 (Windows NT 10.0; Win64; x64; rv:72.0) Gecko/20100101 Firefox/72.0"
180.248.215.148 - - [06/Feb/2020:03:52:39 +0000] "GET /dist/css/icons/material-design-iconic-font/css/materialdesignicons.min.css HTTP/1.1" 304 0 "http://sampai.id/dist/css/style.min.css" "Mozilla/5.0 (Windows NT 10.0; Win64; x64; rv:72.0) Gecko/20100101 Firefox/72.0"
180.248.215.148 - - [06/Feb/2020:03:52:39 +0000] "GET /dist/css/icons/themify-icons/themify-icons.css HTTP/1.1" 304 0 "http://sampai.id/dist/css/style.min.css" "Mozilla/5.0 (Windows NT 10.0; Win64; x64; rv:72.0) Gecko/20100101 Firefox/72.0"
180.248.215.148 - - [06/Feb/2020:03:52:40 +0000] "GET /assets/images/logo-icon.png HTTP/1.1" 304 0 "http://sampai.id/Input-SPK-Step-Three.php?KODE=3" "Mozilla/5.0 (Windows NT 10.0; Win64; x64; rv:72.0) Gecko/20100101 Firefox/72.0"
180.248.215.148 - - [06/Feb/2020:03:52:40 +0000] "GET /assets/include/files/3d26d96a66d019411f25c76cec536f6d.png HTTP/1.1" 304 0 "http://sampai.id/Input-SPK-Step-Three.php?KODE=3" "Mozilla/5.0 (Windows NT 10.0; Win64; x64; rv:72.0) Gecko/20100101 Firefox/72.0"
180.248.215.148 - - [06/Feb/2020:03:52:40 +0000] "GET /assets/images/custom-select.png HTTP/1.1" 304 0 "http://sampai.id/dist/css/style.min.css" "Mozilla/5.0 (Windows NT 10.0; Win64; x64; rv:72.0) Gecko/20100101 Firefox/72.0"
180.248.215.148 - - [06/Feb/2020:03:52:40 +0000] "GET /assets/images/logo-text.png HTTP/1.1" 304 0 "http://sampai.id/Input-SPK-Step-Three.php?KODE=3" "Mozilla/5.0 (Windows NT 10.0; Win64; x64; rv:72.0) Gecko/20100101 Firefox/72.0"
180.248.215.148 - - [06/Feb/2020:03:52:40 +0000] "GET /assets/images/logo-kotabaru.png HTTP/1.1" 304 0 "-" "Mozilla/5.0 (Windows NT 10.0; Win64; x64; rv:72.0) Gecko/20100101 Firefox/72.0"
180.248.215.148 - - [06/Feb/2020:03:52:42 +0000] "GET /assets/include/hapus-belanja.php?id=30 HTTP/1.1" 302 5 "http://sampai.id/Input-SPK-Step-Three.php?KODE=3" "Mozilla/5.0 (Windows NT 10.0; Win64; x64; rv:72.0) Gecko/20100101 Firefox/72.0"
180.248.215.148 - - [06/Feb/2020:03:52:42 +0000] "GET /Input-SPK-Step-Three.php?KODE=3 HTTP/1.1" 200 8248 "http://sampai.id/Input-SPK-Step-Three.php?KODE=3" "Mozilla/5.0 (Windows NT 10.0; Win64; x64; rv:72.0) Gecko/20100101 Firefox/72.0"
180.248.215.148 - - [06/Feb/2020:03:53:27 +0000] "GET /Data-SPK.php HTTP/1.1" 200 5273 "http://sampai.id/Input-SPK-Step-Three.php?KODE=3" "Mozilla/5.0 (Windows NT 10.0; Win64; x64; rv:72.0) Gecko/20100101 Firefox/72.0"
180.248.215.148 - - [06/Feb/2020:03:53:29 +0000] "GET /Assets/Include/Hapus-Belanja.php?id=30 HTTP/1.1" 404 209 "http://sampai.id/Input-SPK-Step-Three.php?KODE=3" "Mozilla/5.0 (Windows NT 10.0; Win64; x64) AppleWebKit/537.36 (KHTML, like Gecko) Chrome/79.0.3945.130 Safari/537.36"
180.248.215.148 - - [06/Feb/2020:03:53:29 +0000] "GET /favicon.ico HTTP/1.1" 200 4218 "http://sampai.id/Assets/Include/Hapus-Belanja.php?id=30" "Mozilla/5.0 (Windows NT 10.0; Win64; x64) AppleWebKit/537.36 (KHTML, like Gecko) Chrome/79.0.3945.130 Safari/537.36"
180.248.215.148 - - [06/Feb/2020:03:53:29 +0000] "GET /assets/extra-libs/multicheck/multicheck.css HTTP/1.1" 304 0 "http://sampai.id/Data-SPK.php" "Mozilla/5.0 (Windows NT 10.0; Win64; x64; rv:72.0) Gecko/20100101 Firefox/72.0"
180.248.215.148 - - [06/Feb/2020:03:53:29 +0000] "GET /assets/libs/datatables.net-bs4/css/dataTables.bootstrap4.css HTTP/1.1" 304 0 "http://sampai.id/Data-SPK.php" "Mozilla/5.0 (Windows NT 10.0; Win64; x64; rv:72.0) Gecko/20100101 Firefox/72.0"
180.248.215.148 - - [06/Feb/2020:03:53:39 +0000] "GET / HTTP/1.1" 200 4218 "-" "Mozilla/5.0 (Windows NT 10.0; Win64; x64) AppleWebKit/537.36 (KHTML, like Gecko) Chrome/79.0.3945.130 Safari/537.36"
180.248.215.148 - - [06/Feb/2020:03:53:42 +0000] "GET /login.php HTTP/1.1" 200 2103 "http://sampai.id/" "Mozilla/5.0 (Windows NT 10.0; Win64; x64) AppleWebKit/537.36 (KHTML, like Gecko) Chrome/79.0.3945.130 Safari/537.36"
180.248.215.148 - - [06/Feb/2020:03:53:43 +0000] "GET /form-cetak-spk.php?id=1 HTTP/1.1" 200 164242 "http://sampai.id/Data-SPK.php" "Mozilla/5.0 (Windows NT 10.0; Win64; x64; rv:72.0) Gecko/20100101 Firefox/72.0"
180.248.215.148 - - [06/Feb/2020:03:53:47 +0000] "POST /assets/include/loginprocess.php HTTP/1.1" 302 5 "http://sampai.id/login.php" "Mozilla/5.0 (Windows NT 10.0; Win64; x64) AppleWebKit/537.36 (KHTML, like Gecko) Chrome/79.0.3945.130 Safari/537.36"
180.248.215.148 - - [06/Feb/2020:03:53:47 +0000] "GET /Admin-Sub-Bidang.php HTTP/1.1" 200 5133 "http://sampai.id/login.php" "Mozilla/5.0 (Windows NT 10.0; Win64; x64) AppleWebKit/537.36 (KHTML, like Gecko) Chrome/79.0.3945.130 Safari/537.36"
180.248.215.148 - - [06/Feb/2020:03:53:55 +0000] "GET /Data-SPK.php HTTP/1.1" 200 5273 "http://sampai.id/Admin-Sub-Bidang.php" "Mozilla/5.0 (Windows NT 10.0; Win64; x64) AppleWebKit/537.36 (KHTML, like Gecko) Chrome/79.0.3945.130 Safari/537.36"
180.248.215.148 - - [06/Feb/2020:03:53:58 +0000] "GET /Input-SPK-Step-Three.php?KODE=3 HTTP/1.1" 200 8248 "http://sampai.id/Data-SPK.php" "Mozilla/5.0 (Windows NT 10.0; Win64; x64) AppleWebKit/537.36 (KHTML, like Gecko) Chrome/79.0.3945.130 Safari/537.36"
180.248.215.148 - - [06/Feb/2020:03:54:05 +0000] "GET /form-cetak-spk.php?id=1 HTTP/1.1" 200 164242 "http://sampai.id/Data-SPK.php" "Mozilla/5.0 (Windows NT 10.0; Win64; x64; rv:72.0) Gecko/20100101 Firefox/72.0"
36.75.64.240 - - [06/Feb/2020:03:54:13 +0000] "POST /assets/include/input-distributor.php HTTP/1.1" 302 16 "http://sampai.id/Input-Distributor.php" "Mozilla/5.0 (Windows NT 6.1; WOW64) AppleWebKit/537.36 (KHTML, like Gecko) Chrome/79.0.3945.130 Safari/537.36"
36.75.64.240 - - [06/Feb/2020:03:54:13 +0000] "GET /Data-Distributor.php?pesan=1&isi=Berhasil%20Menambahkan%20Distributor%20Baru HTTP/1.1" 200 4984 "http://sampai.id/Input-Distributor.php" "Mozilla/5.0 (Windows NT 6.1; WOW64) AppleWebKit/537.36 (KHTML, like Gecko) Chrome/79.0.3945.130 Safari/537.36"
180.248.215.148 - - [06/Feb/2020:03:54:16 +0000] "POST /assets/include/input-belanja.php HTTP/1.1" 302 16 "http://sampai.id/Input-SPK-Step-Three.php?KODE=3" "Mozilla/5.0 (Windows NT 10.0; Win64; x64) AppleWebKit/537.36 (KHTML, like Gecko) Chrome/79.0.3945.130 Safari/537.36"
180.248.215.148 - - [06/Feb/2020:03:54:16 +0000] "GET /Input-SPK-Step-Three.php?KODE=3 HTTP/1.1" 200 8388 "http://sampai.id/Input-SPK-Step-Three.php?KODE=3" "Mozilla/5.0 (Windows NT 10.0; Win64; x64) AppleWebKit/537.36 (KHTML, like Gecko) Chrome/79.0.3945.130 Safari/537.36"
180.248.215.148 - - [06/Feb/2020:03:54:36 +0000] "GET /Input-SPK.php HTTP/1.1" 200 5006 "http://sampai.id/Data-SPK.php" "Mozilla/5.0 (Windows NT 10.0; Win64; x64; rv:72.0) Gecko/20100101 Firefox/72.0"
180.248.215.148 - - [06/Feb/2020:03:54:40 +0000] "POST /Input-SPK-Step-Two.php HTTP/1.1" 200 9952 "http://sampai.id/Input-SPK.php" "Mozilla/5.0 (Windows NT 10.0; Win64; x64; rv:72.0) Gecko/20100101 Firefox/72.0"
36.75.64.240 - - [06/Feb/2020:03:54:48 +0000] "GET /Input-SPK.php HTTP/1.1" 200 5006 "http://sampai.id/Data-Distributor.php?pesan=1&isi=Berhasil%20Menambahkan%20Distributor%20Baru" "Mozilla/5.0 (Windows NT 6.1; WOW64) AppleWebKit/537.36 (KHTML, like Gecko) Chrome/79.0.3945.130 Safari/537.36"
36.75.64.240 - - [06/Feb/2020:03:54:52 +0000] "POST /Input-SPK-Step-Two.php HTTP/1.1" 200 9952 "http://sampai.id/Input-SPK.php" "Mozilla/5.0 (Windows NT 6.1; WOW64) AppleWebKit/537.36 (KHTML, like Gecko) Chrome/79.0.3945.130 Safari/537.36"
180.248.215.148 - - [06/Feb/2020:03:54:52 +0000] "POST /assets/include/input-belanja.php HTTP/1.1" 302 16 "http://sampai.id/Input-SPK-Step-Three.php?KODE=3" "Mozilla/5.0 (Windows NT 10.0; Win64; x64) AppleWebKit/537.36 (KHTML, like Gecko) Chrome/79.0.3945.130 Safari/537.36"
180.248.215.148 - - [06/Feb/2020:03:54:52 +0000] "GET /Input-SPK-Step-Three.php?KODE=3 HTTP/1.1" 200 8426 "http://sampai.id/Input-SPK-Step-Three.php?KODE=3" "Mozilla/5.0 (Windows NT 10.0; Win64; x64) AppleWebKit/537.36 (KHTML, like Gecko) Chrome/79.0.3945.130 Safari/537.36"
180.248.215.148 - - [06/Feb/2020:03:55:13 +0000] "GET /Data-SPK.php HTTP/1.1" 200 5250 "http://sampai.id/Input-SPK-Step-Three.php?KODE=3" "Mozilla/5.0 (Windows NT 10.0; Win64; x64) AppleWebKit/537.36 (KHTML, like Gecko) Chrome/79.0.3945.130 Safari/537.36"
180.248.215.148 - - [06/Feb/2020:03:55:29 +0000] "GET /form-cetak-spk.php?id=3 HTTP/1.1" 200 160717 "http://sampai.id/Data-SPK.php" "Mozilla/5.0 (Windows NT 10.0; Win64; x64) AppleWebKit/537.36 (KHTML, like Gecko) Chrome/79.0.3945.130 Safari/537.36"
180.248.215.148 - - [06/Feb/2020:03:56:55 +0000] "GET /Data-SPK.php HTTP/1.1" 200 5250 "http://sampai.id/Input-SPK-Step-Two.php" "Mozilla/5.0 (Windows NT 10.0; Win64; x64; rv:72.0) Gecko/20100101 Firefox/72.0"
180.248.215.148 - - [06/Feb/2020:03:57:00 +0000] "GET /form-cetak-spk.php?id=1 HTTP/1.1" 200 164242 "http://sampai.id/Data-SPK.php" "Mozilla/5.0 (Windows NT 10.0; Win64; x64; rv:72.0) Gecko/20100101 Firefox/72.0"
180.248.215.148 - - [06/Feb/2020:03:57:05 +0000] "GET /form-cetak-spk.php?id=3 HTTP/1.1" 200 160717 "http://sampai.id/Data-SPK.php" "Mozilla/5.0 (Windows NT 10.0; Win64; x64; rv:72.0) Gecko/20100101 Firefox/72.0"
180.248.215.148 - - [06/Feb/2020:03:57:33 +0000] "GET /form-cetak-spk.php?id=1 HTTP/1.1" 200 164242 "http://sampai.id/Data-SPK.php" "Mozilla/5.0 (Windows NT 10.0; Win64; x64; rv:72.0) Gecko/20100101 Firefox/72.0"
180.248.215.148 - - [06/Feb/2020:03:59:23 +0000] "GET /Input-SPK.php HTTP/1.1" 200 5006 "http://sampai.id/Data-SPK.php" "Mozilla/5.0 (Windows NT 10.0; Win64; x64) AppleWebKit/537.36 (KHTML, like Gecko) Chrome/79.0.3945.130 Safari/537.36"
180.248.215.148 - - [06/Feb/2020:03:59:45 +0000] "POST /Input-SPK-Step-Two.php HTTP/1.1" 200 9945 "http://sampai.id/Input-SPK.php" "Mozilla/5.0 (Windows NT 10.0; Win64; x64) AppleWebKit/537.36 (KHTML, like Gecko) Chrome/79.0.3945.130 Safari/537.36"
36.75.64.240 - - [06/Feb/2020:03:59:47 +0000] "POST /assets/include/input-spk-step-one.php HTTP/1.1" 302 16 "http://sampai.id/Input-SPK-Step-Two.php" "Mozilla/5.0 (Windows NT 6.1; WOW64) AppleWebKit/537.36 (KHTML, like Gecko) Chrome/79.0.3945.130 Safari/537.36"
36.75.64.240 - - [06/Feb/2020:03:59:47 +0000] "GET /Data-SPK.php?pesan=1&isi=Berhasil%20Menambahkan%20Surat%20Perintah%20Kerja%20(SPK) HTTP/1.1" 200 5465 "http://sampai.id/Input-SPK-Step-Two.php" "Mozilla/5.0 (Windows NT 6.1; WOW64) AppleWebKit/537.36 (KHTML, like Gecko) Chrome/79.0.3945.130 Safari/537.36"
36.75.64.240 - - [06/Feb/2020:04:00:12 +0000] "GET /Input-SPK-Step-Three.php?KODE=4 HTTP/1.1" 200 8250 "http://sampai.id/Data-SPK.php?pesan=1&isi=Berhasil%20Menambahkan%20Surat%20Perintah%20Kerja%20(SPK)" "Mozilla/5.0 (Windows NT 6.1; WOW64) AppleWebKit/537.36 (KHTML, like Gecko) Chrome/79.0.3945.130 Safari/537.36"
180.248.215.148 - - [06/Feb/2020:04:00:34 +0000] "GET /Data-SPK.php HTTP/1.1" 200 5358 "http://sampai.id/Input-SPK-Step-Two.php" "Mozilla/5.0 (Windows NT 10.0; Win64; x64; rv:72.0) Gecko/20100101 Firefox/72.0"
180.248.215.148 - - [06/Feb/2020:04:00:34 +0000] "GET /assets/libs/flot/css/float-chart.css HTTP/1.1" 304 0 "http://sampai.id/Data-SPK.php" "Mozilla/5.0 (Windows NT 10.0; Win64; x64; rv:72.0) Gecko/20100101 Firefox/72.0"
180.248.215.148 - - [06/Feb/2020:04:00:34 +0000] "GET /dist/css/style.min.css HTTP/1.1" 304 0 "http://sampai.id/Data-SPK.php" "Mozilla/5.0 (Windows NT 10.0; Win64; x64; rv:72.0) Gecko/20100101 Firefox/72.0"
180.248.215.148 - - [06/Feb/2020:04:00:34 +0000] "GET /assets/extra-libs/multicheck/multicheck.css HTTP/1.1" 304 0 "http://sampai.id/Data-SPK.php" "Mozilla/5.0 (Windows NT 10.0; Win64; x64; rv:72.0) Gecko/20100101 Firefox/72.0"
180.248.215.148 - - [06/Feb/2020:04:00:34 +0000] "GET /assets/libs/datatables.net-bs4/css/dataTables.bootstrap4.css HTTP/1.1" 304 0 "http://sampai.id/Data-SPK.php" "Mozilla/5.0 (Windows NT 10.0; Win64; x64; rv:72.0) Gecko/20100101 Firefox/72.0"
180.248.215.148 - - [06/Feb/2020:04:00:34 +0000] "GET /assets/libs/jquery/dist/jquery.min.js HTTP/1.1" 304 0 "http://sampai.id/Data-SPK.php" "Mozilla/5.0 (Windows NT 10.0; Win64; x64; rv:72.0) Gecko/20100101 Firefox/72.0"
180.248.215.148 - - [06/Feb/2020:04:00:34 +0000] "GET /assets/libs/popper.js/dist/umd/popper.min.js HTTP/1.1" 304 0 "http://sampai.id/Data-SPK.php" "Mozilla/5.0 (Windows NT 10.0; Win64; x64; rv:72.0) Gecko/20100101 Firefox/72.0"
180.248.215.148 - - [06/Feb/2020:04:00:34 +0000] "GET /assets/libs/bootstrap/dist/js/bootstrap.min.js HTTP/1.1" 304 0 "http://sampai.id/Data-SPK.php" "Mozilla/5.0 (Windows NT 10.0; Win64; x64; rv:72.0) Gecko/20100101 Firefox/72.0"
180.248.215.148 - - [06/Feb/2020:04:00:34 +0000] "GET /assets/libs/perfect-scrollbar/dist/perfect-scrollbar.jquery.min.js HTTP/1.1" 304 0 "http://sampai.id/Data-SPK.php" "Mozilla/5.0 (Windows NT 10.0; Win64; x64; rv:72.0) Gecko/20100101 Firefox/72.0"
180.248.215.148 - - [06/Feb/2020:04:00:34 +0000] "GET /dist/js/custom.min.js HTTP/1.1" 304 0 "http://sampai.id/Data-SPK.php" "Mozilla/5.0 (Windows NT 10.0; Win64; x64; rv:72.0) Gecko/20100101 Firefox/72.0"
180.248.215.148 - - [06/Feb/2020:04:00:34 +0000] "GET /dist/js/sidebarmenu.js HTTP/1.1" 304 0 "http://sampai.id/Data-SPK.php" "Mozilla/5.0 (Windows NT 10.0; Win64; x64; rv:72.0) Gecko/20100101 Firefox/72.0"
180.248.215.148 - - [06/Feb/2020:04:00:34 +0000] "GET /assets/extra-libs/multicheck/datatable-checkbox-init.js HTTP/1.1" 304 0 "http://sampai.id/Data-SPK.php" "Mozilla/5.0 (Windows NT 10.0; Win64; x64; rv:72.0) Gecko/20100101 Firefox/72.0"
180.248.215.148 - - [06/Feb/2020:04:00:34 +0000] "GET /dist/js/waves.js HTTP/1.1" 304 0 "http://sampai.id/Data-SPK.php" "Mozilla/5.0 (Windows NT 10.0; Win64; x64; rv:72.0) Gecko/20100101 Firefox/72.0"
180.248.215.148 - - [06/Feb/2020:04:00:34 +0000] "GET /assets/extra-libs/sparkline/sparkline.js HTTP/1.1" 304 0 "http://sampai.id/Data-SPK.php" "Mozilla/5.0 (Windows NT 10.0; Win64; x64; rv:72.0) Gecko/20100101 Firefox/72.0"
180.248.215.148 - - [06/Feb/2020:04:00:34 +0000] "GET /assets/extra-libs/DataTables/datatables.min.js HTTP/1.1" 304 0 "http://sampai.id/Data-SPK.php" "Mozilla/5.0 (Windows NT 10.0; Win64; x64; rv:72.0) Gecko/20100101 Firefox/72.0"
180.248.215.148 - - [06/Feb/2020:04:00:34 +0000] "GET /assets/extra-libs/multicheck/jquery.multicheck.js HTTP/1.1" 304 0 "http://sampai.id/Data-SPK.php" "Mozilla/5.0 (Windows NT 10.0; Win64; x64; rv:72.0) Gecko/20100101 Firefox/72.0"
180.248.215.148 - - [06/Feb/2020:04:00:34 +0000] "GET /dist/css/icons/themify-icons/themify-icons.css HTTP/1.1" 304 0 "http://sampai.id/dist/css/style.min.css" "Mozilla/5.0 (Windows NT 10.0; Win64; x64; rv:72.0) Gecko/20100101 Firefox/72.0"
180.248.215.148 - - [06/Feb/2020:04:00:34 +0000] "GET /dist/css/icons/font-awesome/css/fontawesome-all.css HTTP/1.1" 304 0 "http://sampai.id/dist/css/style.min.css" "Mozilla/5.0 (Windows NT 10.0; Win64; x64; rv:72.0) Gecko/20100101 Firefox/72.0"
180.248.215.148 - - [06/Feb/2020:04:00:34 +0000] "GET /dist/css/icons/material-design-iconic-font/css/materialdesignicons.min.css HTTP/1.1" 304 0 "http://sampai.id/dist/css/style.min.css" "Mozilla/5.0 (Windows NT 10.0; Win64; x64; rv:72.0) Gecko/20100101 Firefox/72.0"
180.248.215.148 - - [06/Feb/2020:04:00:34 +0000] "GET /assets/include/files/3d26d96a66d019411f25c76cec536f6d.png HTTP/1.1" 304 0 "http://sampai.id/Data-SPK.php" "Mozilla/5.0 (Windows NT 10.0; Win64; x64; rv:72.0) Gecko/20100101 Firefox/72.0"
180.248.215.148 - - [06/Feb/2020:04:00:35 +0000] "GET /assets/images/logo-icon.png HTTP/1.1" 304 0 "http://sampai.id/Data-SPK.php" "Mozilla/5.0 (Windows NT 10.0; Win64; x64; rv:72.0) Gecko/20100101 Firefox/72.0"
180.248.215.148 - - [06/Feb/2020:04:00:35 +0000] "GET /assets/images/logo-text.png HTTP/1.1" 304 0 "http://sampai.id/Data-SPK.php" "Mozilla/5.0 (Windows NT 10.0; Win64; x64; rv:72.0) Gecko/20100101 Firefox/72.0"
180.248.215.148 - - [06/Feb/2020:04:00:53 +0000] "GET /Input-SPK-Step-Three.php?KODE=1 HTTP/1.1" 200 8751 "http://sampai.id/Data-SPK.php" "Mozilla/5.0 (Windows NT 10.0; Win64; x64; rv:72.0) Gecko/20100101 Firefox/72.0"
180.248.215.148 - - [06/Feb/2020:04:01:08 +0000] "POST /assets/include/input-spk-step-one.php HTTP/1.1" 302 16 "http://sampai.id/Input-SPK-Step-Two.php" "Mozilla/5.0 (Windows NT 10.0; Win64; x64) AppleWebKit/537.36 (KHTML, like Gecko) Chrome/79.0.3945.130 Safari/537.36"
180.248.215.148 - - [06/Feb/2020:04:01:08 +0000] "GET /Data-SPK.php?pesan=1&isi=Berhasil%20Menambahkan%20Surat%20Perintah%20Kerja%20(SPK) HTTP/1.1" 200 5545 "http://sampai.id/Input-SPK-Step-Two.php" "Mozilla/5.0 (Windows NT 10.0; Win64; x64) AppleWebKit/537.36 (KHTML, like Gecko) Chrome/79.0.3945.130 Safari/537.36"
180.248.215.148 - - [06/Feb/2020:04:01:12 +0000] "GET /Input-SPK-Step-Three.php?KODE=1 HTTP/1.1" 200 8751 "http://sampai.id/Data-SPK.php" "Mozilla/5.0 (Windows NT 10.0; Win64; x64; rv:72.0) Gecko/20100101 Firefox/72.0"
180.248.215.148 - - [06/Feb/2020:04:01:12 +0000] "GET /assets/libs/flot/css/float-chart.css HTTP/1.1" 304 0 "http://sampai.id/Input-SPK-Step-Three.php?KODE=1" "Mozilla/5.0 (Windows NT 10.0; Win64; x64; rv:72.0) Gecko/20100101 Firefox/72.0"
180.248.215.148 - - [06/Feb/2020:04:01:12 +0000] "GET /assets/libs/jquery-minicolors/jquery.minicolors.css HTTP/1.1" 304 0 "http://sampai.id/Input-SPK-Step-Three.php?KODE=1" "Mozilla/5.0 (Windows NT 10.0; Win64; x64; rv:72.0) Gecko/20100101 Firefox/72.0"
180.248.215.148 - - [06/Feb/2020:04:01:12 +0000] "GET /dist/css/style.min.css HTTP/1.1" 304 0 "http://sampai.id/Input-SPK-Step-Three.php?KODE=1" "Mozilla/5.0 (Windows NT 10.0; Win64; x64; rv:72.0) Gecko/20100101 Firefox/72.0"
180.248.215.148 - - [06/Feb/2020:04:01:12 +0000] "GET /assets/libs/quill/dist/quill.snow.css HTTP/1.1" 304 0 "http://sampai.id/Input-SPK-Step-Three.php?KODE=1" "Mozilla/5.0 (Windows NT 10.0; Win64; x64; rv:72.0) Gecko/20100101 Firefox/72.0"
180.248.215.148 - - [06/Feb/2020:04:01:12 +0000] "GET /assets/libs/select2/dist/css/select2.min.css HTTP/1.1" 304 0 "http://sampai.id/Input-SPK-Step-Three.php?KODE=1" "Mozilla/5.0 (Windows NT 10.0; Win64; x64; rv:72.0) Gecko/20100101 Firefox/72.0"
180.248.215.148 - - [06/Feb/2020:04:01:12 +0000] "GET /assets/libs/bootstrap-datepicker/dist/css/bootstrap-datepicker.min.css HTTP/1.1" 304 0 "http://sampai.id/Input-SPK-Step-Three.php?KODE=1" "Mozilla/5.0 (Windows NT 10.0; Win64; x64; rv:72.0) Gecko/20100101 Firefox/72.0"
180.248.215.148 - - [06/Feb/2020:04:01:12 +0000] "GET /assets/libs/jquery/dist/jquery.min.js HTTP/1.1" 304 0 "http://sampai.id/Input-SPK-Step-Three.php?KODE=1" "Mozilla/5.0 (Windows NT 10.0; Win64; x64; rv:72.0) Gecko/20100101 Firefox/72.0"
180.248.215.148 - - [06/Feb/2020:04:01:12 +0000] "GET /assets/libs/bootstrap/dist/js/bootstrap.min.js HTTP/1.1" 304 0 "http://sampai.id/Input-SPK-Step-Three.php?KODE=1" "Mozilla/5.0 (Windows NT 10.0; Win64; x64; rv:72.0) Gecko/20100101 Firefox/72.0"
180.248.215.148 - - [06/Feb/2020:04:01:12 +0000] "GET /assets/extra-libs/sparkline/sparkline.js HTTP/1.1" 304 0 "http://sampai.id/Input-SPK-Step-Three.php?KODE=1" "Mozilla/5.0 (Windows NT 10.0; Win64; x64; rv:72.0) Gecko/20100101 Firefox/72.0"
180.248.215.148 - - [06/Feb/2020:04:01:12 +0000] "GET /assets/libs/popper.js/dist/umd/popper.min.js HTTP/1.1" 304 0 "http://sampai.id/Input-SPK-Step-Three.php?KODE=1" "Mozilla/5.0 (Windows NT 10.0; Win64; x64; rv:72.0) Gecko/20100101 Firefox/72.0"
180.248.215.148 - - [06/Feb/2020:04:01:12 +0000] "GET /assets/libs/perfect-scrollbar/dist/perfect-scrollbar.jquery.min.js HTTP/1.1" 304 0 "http://sampai.id/Input-SPK-Step-Three.php?KODE=1" "Mozilla/5.0 (Windows NT 10.0; Win64; x64; rv:72.0) Gecko/20100101 Firefox/72.0"
180.248.215.148 - - [06/Feb/2020:04:01:12 +0000] "GET /dist/js/sidebarmenu.js HTTP/1.1" 304 0 "http://sampai.id/Input-SPK-Step-Three.php?KODE=1" "Mozilla/5.0 (Windows NT 10.0; Win64; x64; rv:72.0) Gecko/20100101 Firefox/72.0"
180.248.215.148 - - [06/Feb/2020:04:01:12 +0000] "GET /dist/js/custom.min.js HTTP/1.1" 304 0 "http://sampai.id/Input-SPK-Step-Three.php?KODE=1" "Mozilla/5.0 (Windows NT 10.0; Win64; x64; rv:72.0) Gecko/20100101 Firefox/72.0"
180.248.215.148 - - [06/Feb/2020:04:01:12 +0000] "GET /dist/js/waves.js HTTP/1.1" 304 0 "http://sampai.id/Input-SPK-Step-Three.php?KODE=1" "Mozilla/5.0 (Windows NT 10.0; Win64; x64; rv:72.0) Gecko/20100101 Firefox/72.0"
180.248.215.148 - - [06/Feb/2020:04:01:12 +0000] "GET /dist/js/pages/mask/mask.init.js HTTP/1.1" 304 0 "http://sampai.id/Input-SPK-Step-Three.php?KODE=1" "Mozilla/5.0 (Windows NT 10.0; Win64; x64; rv:72.0) Gecko/20100101 Firefox/72.0"
180.248.215.148 - - [06/Feb/2020:04:01:12 +0000] "GET /assets/libs/select2/dist/js/select2.min.js HTTP/1.1" 304 0 "http://sampai.id/Input-SPK-Step-Three.php?KODE=1" "Mozilla/5.0 (Windows NT 10.0; Win64; x64; rv:72.0) Gecko/20100101 Firefox/72.0"
180.248.215.148 - - [06/Feb/2020:04:01:12 +0000] "GET /assets/libs/jquery-asColor/dist/jquery-asColor.min.js HTTP/1.1" 304 0 "http://sampai.id/Input-SPK-Step-Three.php?KODE=1" "Mozilla/5.0 (Windows NT 10.0; Win64; x64; rv:72.0) Gecko/20100101 Firefox/72.0"
180.248.215.148 - - [06/Feb/2020:04:01:12 +0000] "GET /assets/libs/inputmask/dist/min/jquery.inputmask.bundle.min.js HTTP/1.1" 304 0 "http://sampai.id/Input-SPK-Step-Three.php?KODE=1" "Mozilla/5.0 (Windows NT 10.0; Win64; x64; rv:72.0) Gecko/20100101 Firefox/72.0"
180.248.215.148 - - [06/Feb/2020:04:01:12 +0000] "GET /assets/libs/jquery-asColorPicker/dist/jquery-asColorPicker.min.js HTTP/1.1" 304 0 "http://sampai.id/Input-SPK-Step-Three.php?KODE=1" "Mozilla/5.0 (Windows NT 10.0; Win64; x64; rv:72.0) Gecko/20100101 Firefox/72.0"
180.248.215.148 - - [06/Feb/2020:04:01:12 +0000] "GET /assets/libs/select2/dist/js/select2.full.min.js HTTP/1.1" 304 0 "http://sampai.id/Input-SPK-Step-Three.php?KODE=1" "Mozilla/5.0 (Windows NT 10.0; Win64; x64; rv:72.0) Gecko/20100101 Firefox/72.0"
180.248.215.148 - - [06/Feb/2020:04:01:12 +0000] "GET /assets/libs/jquery-asGradient/dist/jquery-asGradient.js HTTP/1.1" 304 0 "http://sampai.id/Input-SPK-Step-Three.php?KODE=1" "Mozilla/5.0 (Windows NT 10.0; Win64; x64; rv:72.0) Gecko/20100101 Firefox/72.0"
180.248.215.148 - - [06/Feb/2020:04:01:12 +0000] "GET /assets/libs/quill/dist/quill.min.js HTTP/1.1" 304 0 "http://sampai.id/Input-SPK-Step-Three.php?KODE=1" "Mozilla/5.0 (Windows NT 10.0; Win64; x64; rv:72.0) Gecko/20100101 Firefox/72.0"
180.248.215.148 - - [06/Feb/2020:04:01:12 +0000] "GET /assets/libs/bootstrap-datepicker/dist/js/bootstrap-datepicker.min.js HTTP/1.1" 304 0 "http://sampai.id/Input-SPK-Step-Three.php?KODE=1" "Mozilla/5.0 (Windows NT 10.0; Win64; x64; rv:72.0) Gecko/20100101 Firefox/72.0"
180.248.215.148 - - [06/Feb/2020:04:01:12 +0000] "GET /assets/libs/jquery-minicolors/jquery.minicolors.min.js HTTP/1.1" 304 0 "http://sampai.id/Input-SPK-Step-Three.php?KODE=1" "Mozilla/5.0 (Windows NT 10.0; Win64; x64; rv:72.0) Gecko/20100101 Firefox/72.0"
180.248.215.148 - - [06/Feb/2020:04:01:13 +0000] "GET /dist/css/icons/font-awesome/css/fontawesome-all.css HTTP/1.1" 304 0 "http://sampai.id/dist/css/style.min.css" "Mozilla/5.0 (Windows NT 10.0; Win64; x64; rv:72.0) Gecko/20100101 Firefox/72.0"
180.248.215.148 - - [06/Feb/2020:04:01:13 +0000] "GET /dist/css/icons/themify-icons/themify-icons.css HTTP/1.1" 304 0 "http://sampai.id/dist/css/style.min.css" "Mozilla/5.0 (Windows NT 10.0; Win64; x64; rv:72.0) Gecko/20100101 Firefox/72.0"
180.248.215.148 - - [06/Feb/2020:04:01:13 +0000] "GET /dist/css/icons/material-design-iconic-font/css/materialdesignicons.min.css HTTP/1.1" 304 0 "http://sampai.id/dist/css/style.min.css" "Mozilla/5.0 (Windows NT 10.0; Win64; x64; rv:72.0) Gecko/20100101 Firefox/72.0"
180.248.215.148 - - [06/Feb/2020:04:01:13 +0000] "GET /assets/images/logo-icon.png HTTP/1.1" 304 0 "http://sampai.id/Input-SPK-Step-Three.php?KODE=1" "Mozilla/5.0 (Windows NT 10.0; Win64; x64; rv:72.0) Gecko/20100101 Firefox/72.0"
180.248.215.148 - - [06/Feb/2020:04:01:13 +0000] "GET /assets/include/files/3d26d96a66d019411f25c76cec536f6d.png HTTP/1.1" 304 0 "http://sampai.id/Input-SPK-Step-Three.php?KODE=1" "Mozilla/5.0 (Windows NT 10.0; Win64; x64; rv:72.0) Gecko/20100101 Firefox/72.0"
180.248.215.148 - - [06/Feb/2020:04:01:13 +0000] "GET /assets/images/logo-text.png HTTP/1.1" 304 0 "http://sampai.id/Input-SPK-Step-Three.php?KODE=1" "Mozilla/5.0 (Windows NT 10.0; Win64; x64; rv:72.0) Gecko/20100101 Firefox/72.0"
180.248.215.148 - - [06/Feb/2020:04:01:13 +0000] "GET /assets/images/custom-select.png HTTP/1.1" 304 0 "http://sampai.id/dist/css/style.min.css" "Mozilla/5.0 (Windows NT 10.0; Win64; x64; rv:72.0) Gecko/20100101 Firefox/72.0"
180.248.215.148 - - [06/Feb/2020:04:01:24 +0000] "GET /Data-SPK.php HTTP/1.1" 200 5445 "http://sampai.id/Input-SPK-Step-Two.php" "Mozilla/5.0 (Windows NT 10.0; Win64; x64; rv:72.0) Gecko/20100101 Firefox/72.0"
180.248.215.148 - - [06/Feb/2020:04:02:09 +0000] "GET /Input-SPK.php HTTP/1.1" 200 5006 "http://sampai.id/Data-SPK.php?pesan=1&isi=Berhasil%20Menambahkan%20Surat%20Perintah%20Kerja%20(SPK)" "Mozilla/5.0 (Windows NT 10.0; Win64; x64) AppleWebKit/537.36 (KHTML, like Gecko) Chrome/79.0.3945.130 Safari/537.36"
180.248.215.148 - - [06/Feb/2020:04:02:25 +0000] "GET /Data-SPK.php HTTP/1.1" 200 5445 "http://sampai.id/Input-SPK.php" "Mozilla/5.0 (Windows NT 10.0; Win64; x64) AppleWebKit/537.36 (KHTML, like Gecko) Chrome/79.0.3945.130 Safari/537.36"
36.75.64.240 - - [06/Feb/2020:04:02:25 +0000] "POST /assets/include/input-belanja.php HTTP/1.1" 302 16 "http://sampai.id/Input-SPK-Step-Three.php?KODE=4" "Mozilla/5.0 (Windows NT 6.1; WOW64) AppleWebKit/537.36 (KHTML, like Gecko) Chrome/79.0.3945.130 Safari/537.36"
36.75.64.240 - - [06/Feb/2020:04:02:26 +0000] "GET /Input-SPK-Step-Three.php?KODE=4 HTTP/1.1" 200 8387 "http://sampai.id/Input-SPK-Step-Three.php?KODE=4" "Mozilla/5.0 (Windows NT 6.1; WOW64) AppleWebKit/537.36 (KHTML, like Gecko) Chrome/79.0.3945.130 Safari/537.36"
180.248.215.148 - - [06/Feb/2020:04:02:34 +0000] "GET /Input-SPK-Step-Three.php?KODE=5 HTTP/1.1" 200 8248 "http://sampai.id/Data-SPK.php" "Mozilla/5.0 (Windows NT 10.0; Win64; x64) AppleWebKit/537.36 (KHTML, like Gecko) Chrome/79.0.3945.130 Safari/537.36"
36.75.64.240 - - [06/Feb/2020:04:02:42 +0000] "GET /assets/include/hapus-belanja.php?id=33 HTTP/1.1" 302 5 "http://sampai.id/Input-SPK-Step-Three.php?KODE=4" "Mozilla/5.0 (Windows NT 6.1; WOW64) AppleWebKit/537.36 (KHTML, like Gecko) Chrome/79.0.3945.130 Safari/537.36"
36.75.64.240 - - [06/Feb/2020:04:02:43 +0000] "GET /Input-SPK-Step-Three.php?KODE=4 HTTP/1.1" 200 8250 "http://sampai.id/Input-SPK-Step-Three.php?KODE=4" "Mozilla/5.0 (Windows NT 6.1; WOW64) AppleWebKit/537.36 (KHTML, like Gecko) Chrome/79.0.3945.130 Safari/537.36"
180.248.215.148 - - [06/Feb/2020:04:03:04 +0000] "GET /assets/include/logout.php HTTP/1.1" 302 5 "http://sampai.id/Data-SPK.php" "Mozilla/5.0 (Windows NT 10.0; Win64; x64; rv:72.0) Gecko/20100101 Firefox/72.0"
180.248.215.148 - - [06/Feb/2020:04:03:04 +0000] "GET /login.php HTTP/1.1" 200 2103 "http://sampai.id/Data-SPK.php" "Mozilla/5.0 (Windows NT 10.0; Win64; x64; rv:72.0) Gecko/20100101 Firefox/72.0"
180.248.215.148 - - [06/Feb/2020:04:03:05 +0000] "GET /assets/images/logo.png HTTP/1.1" 304 0 "http://sampai.id/login.php" "Mozilla/5.0 (Windows NT 10.0; Win64; x64; rv:72.0) Gecko/20100101 Firefox/72.0"
36.75.64.240 - - [06/Feb/2020:04:03:11 +0000] "POST /assets/include/input-belanja.php HTTP/1.1" 302 16 "http://sampai.id/Input-SPK-Step-Three.php?KODE=4" "Mozilla/5.0 (Windows NT 6.1; WOW64) AppleWebKit/537.36 (KHTML, like Gecko) Chrome/79.0.3945.130 Safari/537.36"
36.75.64.240 - - [06/Feb/2020:04:03:11 +0000] "GET /Input-SPK-Step-Three.php?KODE=4 HTTP/1.1" 200 8384 "http://sampai.id/Input-SPK-Step-Three.php?KODE=4" "Mozilla/5.0 (Windows NT 6.1; WOW64) AppleWebKit/537.36 (KHTML, like Gecko) Chrome/79.0.3945.130 Safari/537.36"
180.248.215.148 - - [06/Feb/2020:04:03:17 +0000] "POST /assets/include/loginprocess.php HTTP/1.1" 302 5 "http://sampai.id/login.php" "Mozilla/5.0 (Windows NT 10.0; Win64; x64; rv:72.0) Gecko/20100101 Firefox/72.0"
180.248.215.148 - - [06/Feb/2020:04:03:18 +0000] "GET /Admin-Persediaan.php HTTP/1.1" 200 5182 "http://sampai.id/login.php" "Mozilla/5.0 (Windows NT 10.0; Win64; x64; rv:72.0) Gecko/20100101 Firefox/72.0"
180.248.215.148 - - [06/Feb/2020:04:03:18 +0000] "GET /assets/include/files/eb817f8f5a6f236a7ab294f563e529e1.jpg HTTP/1.1" 304 0 "http://sampai.id/Admin-Persediaan.php" "Mozilla/5.0 (Windows NT 10.0; Win64; x64; rv:72.0) Gecko/20100101 Firefox/72.0"
180.248.215.148 - - [06/Feb/2020:04:03:22 +0000] "GET /Input-Barang.php HTTP/1.1" 200 5665 "http://sampai.id/Admin-Persediaan.php" "Mozilla/5.0 (Windows NT 10.0; Win64; x64; rv:72.0) Gecko/20100101 Firefox/72.0"
180.248.215.148 - - [06/Feb/2020:04:03:45 +0000] "POST /assets/include/input-barang.php HTTP/1.1" 302 16 "http://sampai.id/Input-Barang.php" "Mozilla/5.0 (Windows NT 10.0; Win64; x64; rv:72.0) Gecko/20100101 Firefox/72.0"
180.248.215.148 - - [06/Feb/2020:04:03:46 +0000] "GET /Daftar-Barang-Admin.php?pesan=1&isi=Berhasil%20Menambahkan%20Barang%20Baru HTTP/1.1" 200 12449 "http://sampai.id/Input-Barang.php" "Mozilla/5.0 (Windows NT 10.0; Win64; x64; rv:72.0) Gecko/20100101 Firefox/72.0"
36.75.64.240 - - [06/Feb/2020:04:03:48 +0000] "POST /assets/include/input-belanja.php HTTP/1.1" 302 16 "http://sampai.id/Input-SPK-Step-Three.php?KODE=4" "Mozilla/5.0 (Windows NT 6.1; WOW64) AppleWebKit/537.36 (KHTML, like Gecko) Chrome/79.0.3945.130 Safari/537.36"
36.75.64.240 - - [06/Feb/2020:04:03:48 +0000] "GET /Input-SPK-Step-Three.php?KODE=4 HTTP/1.1" 200 8457 "http://sampai.id/Input-SPK-Step-Three.php?KODE=4" "Mozilla/5.0 (Windows NT 6.1; WOW64) AppleWebKit/537.36 (KHTML, like Gecko) Chrome/79.0.3945.130 Safari/537.36"
180.248.215.148 - - [06/Feb/2020:04:03:50 +0000] "GET /update-barang.php?id=84 HTTP/1.1" 200 5721 "http://sampai.id/Daftar-Barang-Admin.php?pesan=1&isi=Berhasil%20Menambahkan%20Barang%20Baru" "Mozilla/5.0 (Windows NT 10.0; Win64; x64; rv:72.0) Gecko/20100101 Firefox/72.0"
180.248.215.148 - - [06/Feb/2020:04:03:51 +0000] "GET /Data-SPK.php HTTP/1.1" 200 5440 "http://sampai.id/Input-SPK.php" "Mozilla/5.0 (Windows NT 10.0; Win64; x64) AppleWebKit/537.36 (KHTML, like Gecko) Chrome/79.0.3945.130 Safari/537.36"
36.75.64.240 - - [06/Feb/2020:04:03:52 +0000] "GET /assets/include/hapus-belanja.php?id=34 HTTP/1.1" 302 5 "http://sampai.id/Input-SPK-Step-Three.php?KODE=4" "Mozilla/5.0 (Windows NT 6.1; WOW64) AppleWebKit/537.36 (KHTML, like Gecko) Chrome/79.0.3945.130 Safari/537.36"
36.75.64.240 - - [06/Feb/2020:04:03:53 +0000] "GET /Input-SPK-Step-Three.php?KODE=4 HTTP/1.1" 200 8398 "http://sampai.id/Input-SPK-Step-Three.php?KODE=4" "Mozilla/5.0 (Windows NT 6.1; WOW64) AppleWebKit/537.36 (KHTML, like Gecko) Chrome/79.0.3945.130 Safari/537.36"
180.248.215.148 - - [06/Feb/2020:04:03:54 +0000] "POST /assets/include/update-barang.php HTTP/1.1" 302 13 "http://sampai.id/update-barang.php?id=84" "Mozilla/5.0 (Windows NT 10.0; Win64; x64; rv:72.0) Gecko/20100101 Firefox/72.0"
180.248.215.148 - - [06/Feb/2020:04:03:54 +0000] "GET /Daftar-Barang-Admin.php?pesan=1&isi=Berhasil%20Update%20Barang HTTP/1.1" 200 12451 "http://sampai.id/update-barang.php?id=84" "Mozilla/5.0 (Windows NT 10.0; Win64; x64; rv:72.0) Gecko/20100101 Firefox/72.0"
180.248.215.148 - - [06/Feb/2020:04:03:58 +0000] "GET /Input-Barang.php HTTP/1.1" 200 5665 "http://sampai.id/Daftar-Barang-Admin.php?pesan=1&isi=Berhasil%20Update%20Barang" "Mozilla/5.0 (Windows NT 10.0; Win64; x64; rv:72.0) Gecko/20100101 Firefox/72.0"
180.248.215.148 - - [06/Feb/2020:04:04:12 +0000] "POST /assets/include/input-barang.php HTTP/1.1" 302 16 "http://sampai.id/Input-Barang.php" "Mozilla/5.0 (Windows NT 10.0; Win64; x64; rv:72.0) Gecko/20100101 Firefox/72.0"
180.248.215.148 - - [06/Feb/2020:04:04:12 +0000] "GET /Daftar-Barang-Admin.php?pesan=1&isi=Berhasil%20Menambahkan%20Barang%20Baru HTTP/1.1" 200 12488 "http://sampai.id/Input-Barang.php" "Mozilla/5.0 (Windows NT 10.0; Win64; x64; rv:72.0) Gecko/20100101 Firefox/72.0"
36.75.64.240 - - [06/Feb/2020:04:04:41 +0000] "POST /assets/include/input-belanja.php HTTP/1.1" 302 16 "http://sampai.id/Input-SPK-Step-Three.php?KODE=4" "Mozilla/5.0 (Windows NT 6.1; WOW64) AppleWebKit/537.36 (KHTML, like Gecko) Chrome/79.0.3945.130 Safari/537.36"
36.75.64.240 - - [06/Feb/2020:04:04:41 +0000] "GET /Input-SPK-Step-Three.php?KODE=4 HTTP/1.1" 200 8456 "http://sampai.id/Input-SPK-Step-Three.php?KODE=4" "Mozilla/5.0 (Windows NT 6.1; WOW64) AppleWebKit/537.36 (KHTML, like Gecko) Chrome/79.0.3945.130 Safari/537.36"
36.75.64.240 - - [06/Feb/2020:04:05:06 +0000] "POST /assets/include/input-belanja.php HTTP/1.1" 302 16 "http://sampai.id/Input-SPK-Step-Three.php?KODE=4" "Mozilla/5.0 (Windows NT 6.1; WOW64) AppleWebKit/537.36 (KHTML, like Gecko) Chrome/79.0.3945.130 Safari/537.36"
36.75.64.240 - - [06/Feb/2020:04:05:07 +0000] "GET /Input-SPK-Step-Three.php?KODE=4 HTTP/1.1" 200 8520 "http://sampai.id/Input-SPK-Step-Three.php?KODE=4" "Mozilla/5.0 (Windows NT 6.1; WOW64) AppleWebKit/537.36 (KHTML, like Gecko) Chrome/79.0.3945.130 Safari/537.36"
180.248.215.148 - - [06/Feb/2020:04:05:16 +0000] "GET /Data-SPK-Admin.php HTTP/1.1" 200 5495 "http://sampai.id/Daftar-Barang-Admin.php?pesan=1&isi=Berhasil%20Menambahkan%20Barang%20Baru" "Mozilla/5.0 (Windows NT 10.0; Win64; x64; rv:72.0) Gecko/20100101 Firefox/72.0"
180.248.215.148 - - [06/Feb/2020:04:05:18 +0000] "GET /Input-SPK-Step-Three.php?KODE=5 HTTP/1.1" 200 8268 "http://sampai.id/Data-SPK.php" "Mozilla/5.0 (Windows NT 10.0; Win64; x64) AppleWebKit/537.36 (KHTML, like Gecko) Chrome/79.0.3945.130 Safari/537.36"
180.248.215.148 - - [06/Feb/2020:04:05:43 +0000] "POST /assets/include/input-belanja.php HTTP/1.1" 302 16 "http://sampai.id/Input-SPK-Step-Three.php?KODE=5" "Mozilla/5.0 (Windows NT 10.0; Win64; x64) AppleWebKit/537.36 (KHTML, like Gecko) Chrome/79.0.3945.130 Safari/537.36"
180.248.215.148 - - [06/Feb/2020:04:05:43 +0000] "GET /Input-SPK-Step-Three.php?KODE=5 HTTP/1.1" 200 8393 "http://sampai.id/Input-SPK-Step-Three.php?KODE=5" "Mozilla/5.0 (Windows NT 10.0; Win64; x64) AppleWebKit/537.36 (KHTML, like Gecko) Chrome/79.0.3945.130 Safari/537.36"
180.248.215.148 - - [06/Feb/2020:04:05:57 +0000] "POST /assets/include/input-belanja.php HTTP/1.1" 302 16 "http://sampai.id/Input-SPK-Step-Three.php?KODE=5" "Mozilla/5.0 (Windows NT 10.0; Win64; x64) AppleWebKit/537.36 (KHTML, like Gecko) Chrome/79.0.3945.130 Safari/537.36"
180.248.215.148 - - [06/Feb/2020:04:05:57 +0000] "GET /Input-SPK-Step-Three.php?KODE=5 HTTP/1.1" 200 8439 "http://sampai.id/Input-SPK-Step-Three.php?KODE=5" "Mozilla/5.0 (Windows NT 10.0; Win64; x64) AppleWebKit/537.36 (KHTML, like Gecko) Chrome/79.0.3945.130 Safari/537.36"
36.75.64.240 - - [06/Feb/2020:04:06:06 +0000] "POST /assets/include/input-belanja.php HTTP/1.1" 302 16 "http://sampai.id/Input-SPK-Step-Three.php?KODE=4" "Mozilla/5.0 (Windows NT 6.1; WOW64) AppleWebKit/537.36 (KHTML, like Gecko) Chrome/79.0.3945.130 Safari/537.36"
36.75.64.240 - - [06/Feb/2020:04:06:06 +0000] "GET /Input-SPK-Step-Three.php?KODE=4 HTTP/1.1" 200 8548 "http://sampai.id/Input-SPK-Step-Three.php?KODE=4" "Mozilla/5.0 (Windows NT 6.1; WOW64) AppleWebKit/537.36 (KHTML, like Gecko) Chrome/79.0.3945.130 Safari/537.36"
180.248.215.148 - - [06/Feb/2020:04:06:08 +0000] "GET /Data-SPK.php HTTP/1.1" 200 5423 "http://sampai.id/Input-SPK-Step-Three.php?KODE=5" "Mozilla/5.0 (Windows NT 10.0; Win64; x64) AppleWebKit/537.36 (KHTML, like Gecko) Chrome/79.0.3945.130 Safari/537.36"
180.248.215.148 - - [06/Feb/2020:04:06:12 +0000] "GET /form-cetak-spk.php?id=5 HTTP/1.1" 200 160683 "http://sampai.id/Data-SPK.php" "Mozilla/5.0 (Windows NT 10.0; Win64; x64) AppleWebKit/537.36 (KHTML, like Gecko) Chrome/79.0.3945.130 Safari/537.36"
36.75.64.240 - - [06/Feb/2020:04:07:50 +0000] "GET /assets/include/hapus-belanja.php?id=37 HTTP/1.1" 302 5 "http://sampai.id/Input-SPK-Step-Three.php?KODE=4" "Mozilla/5.0 (Windows NT 6.1; WOW64) AppleWebKit/537.36 (KHTML, like Gecko) Chrome/79.0.3945.130 Safari/537.36"
36.75.64.240 - - [06/Feb/2020:04:07:51 +0000] "GET /Input-SPK-Step-Three.php?KODE=4 HTTP/1.1" 200 8509 "http://sampai.id/Input-SPK-Step-Three.php?KODE=4" "Mozilla/5.0 (Windows NT 6.1; WOW64) AppleWebKit/537.36 (KHTML, like Gecko) Chrome/79.0.3945.130 Safari/537.36"
36.75.64.240 - - [06/Feb/2020:04:08:32 +0000] "POST /assets/include/input-belanja.php HTTP/1.1" 302 16 "http://sampai.id/Input-SPK-Step-Three.php?KODE=4" "Mozilla/5.0 (Windows NT 6.1; WOW64) AppleWebKit/537.36 (KHTML, like Gecko) Chrome/79.0.3945.130 Safari/537.36"
36.75.64.240 - - [06/Feb/2020:04:08:32 +0000] "GET /Input-SPK-Step-Three.php?KODE=4 HTTP/1.1" 200 8520 "http://sampai.id/Input-SPK-Step-Three.php?KODE=4" "Mozilla/5.0 (Windows NT 6.1; WOW64) AppleWebKit/537.36 (KHTML, like Gecko) Chrome/79.0.3945.130 Safari/537.36"
180.248.215.148 - - [06/Feb/2020:04:08:45 +0000] "GET /form-cetak-spk.php?id=4 HTTP/1.1" 200 161493 "http://sampai.id/Data-SPK-Admin.php" "Mozilla/5.0 (Windows NT 10.0; Win64; x64; rv:72.0) Gecko/20100101 Firefox/72.0"
36.75.64.240 - - [06/Feb/2020:04:09:20 +0000] "POST /assets/include/input-belanja.php HTTP/1.1" 302 16 "http://sampai.id/Input-SPK-Step-Three.php?KODE=4" "Mozilla/5.0 (Windows NT 6.1; WOW64) AppleWebKit/537.36 (KHTML, like Gecko) Chrome/79.0.3945.130 Safari/537.36"
